AR ps2_rx arch "/home/sd/calculadora 05-07/ps2_rx.vhd" sub00/vhpl12 1720806250
EN bcd_adder NULL "/home/sd/calculadora 05-07/bcd_adder.vhd" sub00/vhpl00 1720806241
EN ps2_rx NULL "/home/sd/calculadora 05-07/ps2_rx.vhd" sub00/vhpl11 1720806249
AR key2ascii arch "/home/sd/calculadora 05-07/teclado_para_ascii.vhd" sub00/vhpl16 1720806254
AR bcd_adder arch "/home/sd/calculadora 05-07/bcd_adder.vhd" sub00/vhpl01 1720806242
AR fifo arch "/home/sd/calculadora 05-07/fifo.vhd" sub00/vhpl14 1720806252
AR teclado arch "/home/sd/calculadora 05-07/teclado.vhd" sub00/vhpl18 1720806256
EN top_adder NULL "/home/sd/calculadora 05-07/top_adder.vhd" sub00/vhpl02 1720806247
EN key2ascii NULL "/home/sd/calculadora 05-07/teclado_para_ascii.vhd" sub00/vhpl15 1720806253
EN multiplicador4bit NULL "/home/sd/calculadora 05-07/multiplicador4bit.vhd" sub00/vhpl06 1720806245
EN multiplicador1bit NULL "/home/sd/calculadora 05-07/multiplicador1bit.vhd" sub00/vhpl07 1720806243
AR multiplicador4bit behavioral "/home/sd/calculadora 05-07/multiplicador4bit.vhd" sub00/vhpl09 1720806246
EN multiplicador4x4 NULL "/home/sd/calculadora 05-07/multiplicador4x4.vhd" sub00/vhpl04 1720806257
AR multiplicador1bit behavioral "/home/sd/calculadora 05-07/multiplicador1bit.vhd" sub00/vhpl08 1720806244
EN calculadora NULL "/home/sd/calculadora 05-07/calculadora.vhd" sub00/vhpl10 1720806259
EN teclado NULL "/home/sd/calculadora 05-07/teclado.vhd" sub00/vhpl17 1720806255
EN fifo NULL "/home/sd/calculadora 05-07/fifo.vhd" sub00/vhpl13 1720806251
AR multiplicador4x4 behavioral "/home/sd/calculadora 05-07/multiplicador4x4.vhd" sub00/vhpl05 1720806258
AR top_adder behavioral "/home/sd/calculadora 05-07/top_adder.vhd" sub00/vhpl03 1720806248
AR calculadora behavioral "/home/sd/calculadora 05-07/calculadora.vhd" sub00/vhpl19 1720806260
